# Stress tests pathfinding to make sure it works for larger data sets with many cycles and different paths.

# Loads a new graph from a csv file
loaded graph heroes

# Finds shortest path between heroes
path from A to I:
A to H via 1
H to F via 5
F to I via 6

# Finds shortest path between heroes
path from C to H:
C to B via 2
B to H via 1

# Finds shortest path between heroes
path from I to D:
I to E via 6
E to C via 3
C to D via 2