# Tests when the start and/or the dest node don't exist that the correct output is displayed

# Loads a new graph from a csv file
loaded graph heroes

# Finds shortest path between heroes
unknown: Z

# Finds shortest path between heroes
unknown: Z

# Finds shortest path between heroes
unknown: X
unknown: Z