# Tests that a graph with 2 or more connected nodes loads properly

# Loads a new graph from a csv file
loaded graph newGraph

# Lists all of the nodes of this new graph
newGraph contains: A B C D E F G H I

# Lists all of the children of A
the children of A in newGraph are: B(1) H(1)

# Lists all of the children of B
the children of B in newGraph are: A(1) C(2) D(2) H(1)